// Jest Snapshot v1, https://goo.gl/fbAQLP

exports[`Header component should render the entire header 1`] = `
<div>
  <header
    class="sticky top-0 z-50 bg-white py-3.5 md:static md:pt-[46px] md:pb-7 dark:bg-[#1c191a]"
  >
    <div
      class="mx-auto max-w-[520px] px-5 flex items-center justify-between gap-3"
    >
      <div
        class="relative h-[17px] w-[130px] md:h-[33px] md:w-[250px]"
      >
        <img
          alt="Conta Azul"
          class="object-contain"
          data-nimg="fill"
          decoding="async"
          sizes="100vw"
          src="/_next/image?url=%2Fimg.jpg&w=3840&q=75"
          srcset="/_next/image?url=%2Fimg.jpg&w=640&q=75 640w, /_next/image?url=%2Fimg.jpg&w=750&q=75 750w, /_next/image?url=%2Fimg.jpg&w=828&q=75 828w, /_next/image?url=%2Fimg.jpg&w=1080&q=75 1080w, /_next/image?url=%2Fimg.jpg&w=1200&q=75 1200w, /_next/image?url=%2Fimg.jpg&w=1920&q=75 1920w, /_next/image?url=%2Fimg.jpg&w=2048&q=75 2048w, /_next/image?url=%2Fimg.jpg&w=3840&q=75 3840w"
          style="position: absolute; height: 100%; width: 100%; left: 0px; top: 0px; right: 0px; bottom: 0px; color: transparent;"
        />
      </div>
      <div
        class="md:hidden"
      >
        <p
          class="text-right text-xs font-medium"
        >
          JÃ¡ tem uma conta? 
          <a
            class="text-blue-ca-semi-dark underline"
            href="https://login.contaazul.com"
          >
            Entrar
          </a>
        </p>
      </div>
    </div>
  </header>
</div>
`;
